#Packing pin usage report
Type: io
	Input Pin Usage:
		Max: 1.00 (0.50)
		Avg: 0.57 (0.28)
		Min: 0.00 (0.00)
		Histogram:
		[        0:      0.2)  99 (43.2%) |************************************
		[      0.2:      0.4)   0 ( 0.0%) |
		[      0.4:      0.6)   0 ( 0.0%) |
		[      0.6:      0.8)   0 ( 0.0%) |
		[      0.8:        1) 130 (56.8%) |***********************************************
		[        1:      1.2)   0 ( 0.0%) |
		[      1.2:      1.4)   0 ( 0.0%) |
		[      1.4:      1.6)   0 ( 0.0%) |
		[      1.6:      1.8)   0 ( 0.0%) |
		[      1.8:        2)   0 ( 0.0%) |
	Output Pin Usage:
		Max: 1.00 (1.00)
		Avg: 0.43 (0.43)
		Min: 0.00 (0.00)
		Histogram:
		[        0:      0.1) 130 (56.8%) |***********************************************
		[      0.1:      0.2)   0 ( 0.0%) |
		[      0.2:      0.3)   0 ( 0.0%) |
		[      0.3:      0.4)   0 ( 0.0%) |
		[      0.4:      0.5)   0 ( 0.0%) |
		[      0.5:      0.6)   0 ( 0.0%) |
		[      0.6:      0.7)   0 ( 0.0%) |
		[      0.7:      0.8)   0 ( 0.0%) |
		[      0.8:      0.9)   0 ( 0.0%) |
		[      0.9:        1)  99 (43.2%) |************************************

Type: clb
	Input Pin Usage:
		Max: 32.00 (0.78)
		Avg: 11.62 (0.28)
		Min: 0.00 (0.00)
		Histogram:
		[        0:      4.1) 25 (41.7%) |************************************************
		[      4.1:      8.2)  0 ( 0.0%) |
		[      8.2:       12)  0 ( 0.0%) |
		[       12:       16) 15 (25.0%) |*****************************
		[       16:       20)  7 (11.7%) |*************
		[       20:       25)  5 ( 8.3%) |**********
		[       25:       29)  4 ( 6.7%) |********
		[       29:       33)  4 ( 6.7%) |********
		[       33:       37)  0 ( 0.0%) |
		[       37:       41)  0 ( 0.0%) |
	Output Pin Usage:
		Max: 19.00 (0.95)
		Avg: 5.08 (0.25)
		Min: 1.00 (0.05)
		Histogram:
		[        0:        2) 26 (43.3%) |************************************************
		[        2:        4)  5 ( 8.3%) |*********
		[        4:        6)  9 (15.0%) |*****************
		[        6:        8)  6 (10.0%) |***********
		[        8:       10)  7 (11.7%) |*************
		[       10:       12)  4 ( 6.7%) |*******
		[       12:       14)  1 ( 1.7%) |**
		[       14:       16)  0 ( 0.0%) |
		[       16:       18)  0 ( 0.0%) |
		[       18:       20)  2 ( 3.3%) |****

Type: memory
	Input Pin Usage:
		Max: 15.00 (0.15)
		Avg: 15.00 (0.15)
		Min: 15.00 (0.15)
		Histogram:
		[        0:      9.7) 0 ( 0.0%) |
		[      9.7:       19) 1 (100.0%) |**************************************************
		[       19:       29) 0 ( 0.0%) |
		[       29:       39) 0 ( 0.0%) |
		[       39:       48) 0 ( 0.0%) |
		[       48:       58) 0 ( 0.0%) |
		[       58:       68) 0 ( 0.0%) |
		[       68:       78) 0 ( 0.0%) |
		[       78:       87) 0 ( 0.0%) |
		[       87:       97) 0 ( 0.0%) |
	Output Pin Usage:
		Max: 8.00 (0.12)
		Avg: 8.00 (0.12)
		Min: 8.00 (0.12)
		Histogram:
		[        0:      6.4) 0 ( 0.0%) |
		[      6.4:       13) 1 (100.0%) |**************************************************
		[       13:       19) 0 ( 0.0%) |
		[       19:       26) 0 ( 0.0%) |
		[       26:       32) 0 ( 0.0%) |
		[       32:       38) 0 ( 0.0%) |
		[       38:       45) 0 ( 0.0%) |
		[       45:       51) 0 ( 0.0%) |
		[       51:       58) 0 ( 0.0%) |
		[       58:       64) 0 ( 0.0%) |

