#Packing pin usage report
Type: io
	Input Pin Usage:
		Max: 1.00 (0.50)
		Avg: 0.37 (0.19)
		Min: 0.00 (0.00)
		Histogram:
		[        0:      0.2) 162 (62.8%) |***********************************************
		[      0.2:      0.4)   0 ( 0.0%) |
		[      0.4:      0.6)   0 ( 0.0%) |
		[      0.6:      0.8)   0 ( 0.0%) |
		[      0.8:        1)  96 (37.2%) |****************************
		[        1:      1.2)   0 ( 0.0%) |
		[      1.2:      1.4)   0 ( 0.0%) |
		[      1.4:      1.6)   0 ( 0.0%) |
		[      1.6:      1.8)   0 ( 0.0%) |
		[      1.8:        2)   0 ( 0.0%) |
	Output Pin Usage:
		Max: 1.00 (1.00)
		Avg: 0.63 (0.63)
		Min: 0.00 (0.00)
		Histogram:
		[        0:      0.1)  96 (37.2%) |****************************
		[      0.1:      0.2)   0 ( 0.0%) |
		[      0.2:      0.3)   0 ( 0.0%) |
		[      0.3:      0.4)   0 ( 0.0%) |
		[      0.4:      0.5)   0 ( 0.0%) |
		[      0.5:      0.6)   0 ( 0.0%) |
		[      0.6:      0.7)   0 ( 0.0%) |
		[      0.7:      0.8)   0 ( 0.0%) |
		[      0.8:      0.9)   0 ( 0.0%) |
		[      0.9:        1) 162 (62.8%) |***********************************************

Type: clb
	Input Pin Usage:
		Max: 32.00 (0.78)
		Avg: 24.14 (0.59)
		Min: 4.00 (0.10)
		Histogram:
		[        0:      4.1)  1 ( 2.7%) |****
		[      4.1:      8.2)  0 ( 0.0%) |
		[      8.2:       12)  0 ( 0.0%) |
		[       12:       16)  3 ( 8.1%) |*************
		[       16:       20)  2 ( 5.4%) |*********
		[       20:       25) 11 (29.7%) |************************************************
		[       25:       29) 11 (29.7%) |************************************************
		[       29:       33)  9 (24.3%) |***************************************
		[       33:       37)  0 ( 0.0%) |
		[       37:       41)  0 ( 0.0%) |
	Output Pin Usage:
		Max: 17.00 (0.85)
		Avg: 10.00 (0.50)
		Min: 2.00 (0.10)
		Histogram:
		[        0:        2)  1 ( 2.7%) |****
		[        2:        4)  2 ( 5.4%) |*********
		[        4:        6)  3 ( 8.1%) |*************
		[        6:        8)  4 (10.8%) |*****************
		[        8:       10) 11 (29.7%) |************************************************
		[       10:       12)  7 (18.9%) |*******************************
		[       12:       14)  5 (13.5%) |**********************
		[       14:       16)  3 ( 8.1%) |*************
		[       16:       18)  1 ( 2.7%) |****
		[       18:       20)  0 ( 0.0%) |

Type: mult_36
	Input Pin Usage:
		Max: 66.00 (0.92)
		Avg: 52.80 (0.73)
		Min: 34.00 (0.47)
		Histogram:
		[        0:      7.2) 0 ( 0.0%) |
		[      7.2:       14) 0 ( 0.0%) |
		[       14:       22) 0 ( 0.0%) |
		[       22:       29) 0 ( 0.0%) |
		[       29:       36) 2 (40.0%) |*************************************************
		[       36:       43) 0 ( 0.0%) |
		[       43:       50) 0 ( 0.0%) |
		[       50:       58) 0 ( 0.0%) |
		[       58:       65) 1 (20.0%) |*************************
		[       65:       72) 2 (40.0%) |*************************************************
	Output Pin Usage:
		Max: 34.00 (0.47)
		Avg: 32.80 (0.46)
		Min: 32.00 (0.44)
		Histogram:
		[        0:      7.2) 0 ( 0.0%) |
		[      7.2:       14) 0 ( 0.0%) |
		[       14:       22) 0 ( 0.0%) |
		[       22:       29) 0 ( 0.0%) |
		[       29:       36) 5 (100.0%) |*************************************************
		[       36:       43) 0 ( 0.0%) |
		[       43:       50) 0 ( 0.0%) |
		[       50:       58) 0 ( 0.0%) |
		[       58:       65) 0 ( 0.0%) |
		[       65:       72) 0 ( 0.0%) |

